> Task :app:preBuild UP-TO-DATE
> Task :app:preDebugBuild UP-TO-DATE
> Task :app:generateDebugBuildConfig UP-TO-DATE
> Task :app:generateDebugResources UP-TO-DATE
> Task :app:packageDebugResources UP-TO-DATE
> Task :app:processDebugNavigationResources UP-TO-DATE
> Task :app:parseDebugLocalResources UP-TO-DATE
> Task :app:generateDebugRFile UP-TO-DATE

> Task :app:compileDebugKotlin
w: file:///C:/Users/FeiYue/Desktop/Mo-Todo-main/Mo-Todo/app/src/main/java/com/motut/mo/ui/MemoScreen.kt:156:44 'val Icons.Filled.Sort: ImageVector' is deprecated. Use the AutoMirrored version at Icons.AutoMirrored.Filled.Sort.
w: file:///C:/Users/FeiYue/Desktop/Mo-Todo-main/Mo-Todo/app/src/main/java/com/motut/mo/ui/MemoScreen.kt:390:87 'val Icons.Filled.Notes: ImageVector' is deprecated. Use the AutoMirrored version at Icons.AutoMirrored.Filled.Notes.
w: file:///C:/Users/FeiYue/Desktop/Mo-Todo-main/Mo-Todo/app/src/main/java/com/motut/mo/ui/TodoScreen.kt:169:44 'val Icons.Filled.Sort: ImageVector' is deprecated. Use the AutoMirrored version at Icons.AutoMirrored.Filled.Sort.
w: file:///C:/Users/FeiYue/Desktop/Mo-Todo-main/Mo-Todo/app/src/main/java/com/motut/mo/ui/settings/HelpFeedbackScreen.kt:30:42 'val Icons.Filled.HelpOutline: ImageVector' is deprecated. Use the AutoMirrored version at Icons.AutoMirrored.Filled.HelpOutline.
w: file:///C:/Users/FeiYue/Desktop/Mo-Todo-main/Mo-Todo/app/src/main/java/com/motut/mo/ui/settings/HelpFeedbackScreen.kt:72:44 'val Icons.Filled.Send: ImageVector' is deprecated. Use the AutoMirrored version at Icons.AutoMirrored.Filled.Send.
w: file:///C:/Users/FeiYue/Desktop/Mo-Todo-main/Mo-Todo/app/src/main/java/com/motut/mo/ui/theme/Theme.kt:153:20 'var statusBarColor: Int' is deprecated. Deprecated in Java.

BUILD SUCCESSFUL in 10s
7 actionable tasks: 1 executed, 6 up-to-date
Consider enabling configuration cache to speed up this build: https://docs.gradle.org/9.3.1/userguide/configuration_cache_enabling.html
